[
    {
        "uuid": "fakeUuid",
        "payloads": [
            {
                "type": "custom",
                "content": {
                    "content": "<style>a { text-decoration:underline!important; }<\/style><div class=\"w-100 block\" style=\"font-size:1.8em!important;\">Hello World!<\/div>",
                    "label": "Markdown"
                },
                "origin": {
                    "file": "\/vendor\/pestphp\/pest\/src\/Factories\/TestCaseMethodFactory.php",
                    "line_number": 110,
                    "hostname": "fake-hostname"
                }
            }
        ],
        "meta": []
    }
]
